// Jest Snapshot v1, https://goo.gl/fbAQLP

exports[`probot-serverless-azurefunctions responds with 400 when payload has been changed 1`] = `
[MockFunction] {
  "calls": Array [
    Array [
      "Received event: issues",
    ],
    Array [
      "Event executed with status 400 and output of: ",
      Array [
        Object {
          "event": Object {
            "id": 123,
            "name": "issues",
            "payload": Object {
              "installation": Object {
                "id": 123123,
              },
            },
            "signature": "sha1=11daab007b2f76317fa026fdb6f3d66337a9d701",
          },
          "status": 400,
        },
      ],
    ],
  ],
  "results": Array [
    Object {
      "type": "return",
      "value": undefined,
    },
    Object {
      "type": "return",
      "value": undefined,
    },
  ],
}
`;

exports[`probot-serverless-azurefunctions responds with 400 when payload has been changed 2`] = `[MockFunction]`;

exports[`probot-serverless-azurefunctions responds with the homepage 1`] = `
"
<!DOCTYPE html>
<html lang=\\"en\\" class=\\"height-full\\">
  <head>
    <meta charset=\\"UTF-8\\">
    <meta name=\\"viewport\\" content=\\"width=device-width, initial-scale=1.0\\">
    <meta http-equiv=\\"X-UA-Compatible\\" content=\\"ie=edge\\">
    <title>Your App | built with Probot</title>
    <link rel=\\"stylesheet\\" href=\\"https://probot.github.io/assets/css/index.css?d=1521919566\\">
  </head>
  <body class=\\"height-full bg-gray-light\\">
    <div class=\\"d-flex flex-column flex-justify-center flex-items-center text-center height-full\\">
      <img src=\\"https://probot.github.io/assets/logo.png\\" alt=\\"Probot Logo\\" width=\\"100\\" class=\\"mb-6\\">
      <div class=\\"box-shadow rounded-2 border p-6 bg-white\\">
        <h1>
          Welcome to your Probot App!
        </h1>
        <p>This bot was built using <a href=\\"https://github.com/probot/probot\\">Probot</a>, a framework for building GitHub Apps.</p>
      </div>
      <div class=\\"mt-4\\">
        <h4 class=\\"alt-h4 text-gray-light\\">Need help?</h4>
        <div class=\\"d-flex flex-justify-center mt-2\\">
          <a href=\\"https://probot.github.io/docs/\\" class=\\"btn btn-outline mr-2\\">Documentation</a>
          <a href=\\"https://probot-slackin.herokuapp.com/\\" class=\\"btn btn-outline\\">Chat on Slack</a>
        </div>
      </div>
    </div>
  </body>
</html>
"
`;

exports[`probot-serverless-azurefunctions responds with the homepage 2`] = `[MockFunction]`;

exports[`probot-serverless-azurefunctions responds with the homepage 3`] = `[MockFunction]`;
